// Jest Snapshot v1, https://goo.gl/fbAQLP

exports[`Test in FirstApp.jsx should match the snapshot 1`] = `
<div>
  <h1
    data-testid="test-title"
  >
    Mecano en tus muerto
  </h1>
  <p>
    There is no subtitle
  </p>
  <p>
    There is no name
  </p>
</div>
`;
